// Jest Snapshot v1, https://goo.gl/fbAQLP

exports[`MapsScreen Matches snapshot. 1`] = `
<Component
  style={
    Object {
      "flex": 1,
    }
  }
>
  <MapView
    onRegionChangeComplete={[Function]}
    region={
      Object {
        "latitude": 0,
        "latitudeDelta": 100,
        "longitude": 0,
        "longitudeDelta": 100,
      }
    }
    showsUserLocation={true}
    style={
      Object {
        "bottom": 0,
        "left": 0,
        "position": "absolute",
        "right": 0,
        "top": 0,
      }
    }
  >
    <MapMarker
      coordinate={
        Object {
          "latitude": 63.4133335,
          "longitude": 10.4120182,
        }
      }
      description="kjøp melk"
      pinColor="red"
      stopPropagation={false}
      title="work"
    />
    <MapMarker
      coordinate={
        Object {
          "latitude": 63.4223335,
          "longitude": 10.4020182,
        }
      }
      description="gjør webdev og balbajsklfjkalsdfjkla sdjklfja skldfj klasjdfkl jaklsdfjkla jsdklfj askldjfkl jasdklfj klasjdfk jaskldfjklasj klfjaskld fjklasdfjkl "
      pinColor="orange"
      stopPropagation={false}
      title="fun"
    />
    <MapMarker
      coordinate={
        Object {
          "latitude": 63.4533335,
          "longitude": 10.4420182,
        }
      }
      description="kjøp melk"
      pinColor="blue"
      stopPropagation={false}
      title="school"
    />
    <MapMarker
      coordinate={
        Object {
          "latitude": 63.4833335,
          "longitude": 10.4920182,
        }
      }
      description="gjør webdev og balbajsklfjkalsdfjkla sdjklfja skldfj klasjdfkl jaklsdfjkla jsdklfj askldjfkl jasdklfj klasjdfk jaskldfjklasj klfjaskld fjklasdfjkl "
      pinColor="green"
      stopPropagation={false}
      title="other"
    />
  </MapView>
</Component>
`;
