// Jest Snapshot v1, https://goo.gl/fbAQLP

exports[`PedometerScreen Matches snapshot. 1`] = `
<Component
  style={
    Object {
      "alignItems": "center",
      "backgroundColor": "#9DD6EB",
      "flex": 1,
      "justifyContent": "center",
    }
  }
>
  <Text
    accessible={true}
    allowFontScaling={true}
    ellipsizeMode="tail"
    style={
      Object {
        "color": "#fff",
        "fontSize": 30,
        "fontWeight": "bold",
        "padding": 10,
      }
    }
  >
    Steps last 24 hours: 
    

    0
  </Text>
  <Text
    accessible={true}
    allowFontScaling={true}
    ellipsizeMode="tail"
    style={
      Object {
        "color": "#fff",
        "fontSize": 30,
        "fontWeight": "bold",
        "padding": 10,
      }
    }
  >
    Current step count: 
    

     
    0
  </Text>
</Component>
`;
