// Jest Snapshot v1, https://goo.gl/fbAQLP

exports[`TodoScreen Matches snapshot. 1`] = `
<Component
  style={
    Object {
      "backgroundColor": "#efeff4",
      "flex": 1,
    }
  }
>
  <_default
    activeDotColor="#ff2d55"
    automaticallyAdjustContentInsets={false}
    autoplay={false}
    autoplayDirection={true}
    autoplayTimeout={2.5}
    bounces={false}
    disableNextButton={false}
    horizontal={true}
    index={0}
    loadMinimal={false}
    loadMinimalSize={1}
    loop={false}
    onIndexChanged={[Function]}
    pagingEnabled={true}
    removeClippedSubviews={true}
    scrollsToTop={false}
    showsButtons={false}
    showsHorizontalScrollIndicator={false}
    showsPagination={true}
    showsVerticalScrollIndicator={false}
  >
    <Connect(TodoCalendar)
      deleteTodo={[Function]}
      toggleTodoStatus={[Function]}
    />
    <ScrollViewMock>
      <Connect(TodoList)
        chosenCategory="work"
        deleteTodo={[Function]}
        toggleTodoStatus={[Function]}
      />
      <Connect(TodoList)
        chosenCategory="school"
        deleteTodo={[Function]}
        toggleTodoStatus={[Function]}
      />
      <Connect(TodoList)
        chosenCategory="fun"
        deleteTodo={[Function]}
        toggleTodoStatus={[Function]}
      />
      <Connect(TodoList)
        chosenCategory="other"
        deleteTodo={[Function]}
        toggleTodoStatus={[Function]}
      />
    </ScrollViewMock>
  </_default>
</Component>
`;
