// Jest Snapshot v1, https://goo.gl/fbAQLP

exports[`TodoScreen Matches snapshot. 1`] = `
<Component
  style={
    Object {
      "backgroundColor": "#fff",
      "flex": 1,
    }
  }
>
  <Component
    style={
      Object {
        "bottom": 0,
        "left": 0,
        "position": "absolute",
        "right": 0,
        "top": 0,
      }
    }
  >
    <TodoCalendar
      todos={Array []}
    />
  </Component>
  <TodoForm
    addNewTodo={[Function]}
    style={
      Object {
        "bottom": 0,
        "left": 0,
        "position": "absolute",
        "right": 0,
        "top": 0,
      }
    }
  />
</Component>
`;
