// Jest Snapshot v1, https://goo.gl/fbAQLP

exports[`TodoList Matches snapshot. 1`] = `
<Component
  style={
    Object {
      "height": "100%",
    }
  }
>
  <ScrollViewMock>
    <TodoElement
      category="fun"
      completed={true}
      date="2018-10-04"
      id={2}
      text="gjør webdev øvinga"
    />
    <TodoElement
      category="work"
      completed={false}
      date="2018-10-05"
      id={1}
      text="kjøp melk"
    />
  </ScrollViewMock>
</Component>
`;
