// Jest Snapshot v1, https://goo.gl/fbAQLP

exports[`TodoFormModal Matches snapshot. 1`] = `
<ReactNativeModal
  animationIn="slideInUp"
  animationInTiming={300}
  animationOut="slideOutDown"
  animationOutTiming={300}
  avoidKeyboard={false}
  backdropColor="black"
  backdropOpacity={0.7}
  backdropTransitionInTiming={300}
  backdropTransitionOutTiming={300}
  hideModalContentWhileAnimating={false}
  isVisible={true}
  onBackButtonPress={[Function]}
  onBackdropPress={[Function]}
  onModalHide={[Function]}
  onModalShow={[Function]}
  scrollOffset={0}
  scrollOffsetMax={0}
  scrollTo={null}
  supportedOrientations={
    Array [
      "portrait",
      "landscape",
    ]
  }
  swipeThreshold={100}
  useNativeDriver={false}
>
  <Component
    style={
      Object {
        "backgroundColor": "white",
        "flex": 1,
      }
    }
  >
    <Component
      style={
        Object {
          "flex": 1,
          "flexDirection": "row",
          "justifyContent": "space-around",
          "padding": 10,
        }
      }
    >
      <Component
        style={
          Object {
            "width": "45%",
          }
        }
      >
        <Button
          color="red"
          style={
            Object {
              "width": "45%",
            }
          }
          title="Cancel"
        />
      </Component>
      <Component
        style={
          Object {
            "width": "45%",
          }
        }
      >
        <Button
          color="green"
          onPress={[Function]}
          style={
            Object {
              "width": "45%",
            }
          }
          title="Submit"
        />
      </Component>
    </Component>
    <TextInput
      allowFontScaling={true}
      autoFocus={true}
      editable={true}
      multiline={true}
      onChangeText={[Function]}
      onSubmitEditing={[Function]}
      placeholder="Write something..."
      placeholderTextColor="grey"
      style={
        Object {
          "fontSize": 18,
        }
      }
      underlineColorAndroid="rgba(0,0,0,0)"
    />
    <DatePicker
      TouchableComponent={[Function]}
      allowFontScaling={true}
      androidMode="default"
      cancelBtnText="Cancel"
      confirmBtnText="Confirm"
      customStyles={
        Object {
          "dateIcon": Object {
            "left": 0,
            "marginLeft": 0,
            "position": "absolute",
            "top": 4,
          },
          "dateInput": Object {
            "marginLeft": 36,
          },
        }
      }
      date=""
      disabled={false}
      duration={300}
      format="YYYY-MM-DD"
      height={259}
      hideText={false}
      iconSource={1}
      maxDate="2025-01-01"
      minDate="1990-01-01"
      modalOnResponderTerminationRequest={[Function]}
      mode="date"
      onDateChange={[Function]}
      placeholder="select date"
      showIcon={true}
      style={
        Object {
          "width": 200,
        }
      }
    />
    <Text
      accessible={true}
      allowFontScaling={true}
      ellipsizeMode="tail"
    >
      Add a date for your todo (optional)
    </Text>
  </Component>
</ReactNativeModal>
`;
